// Jest Snapshot v1, https://goo.gl/fbAQLP

exports[`renders correctly works 1`] = `
<View
  accessible={true}
  collapsable={false}
  focusable={true}
  onClick={[Function]}
  onResponderGrant={[Function]}
  onResponderMove={[Function]}
  onResponderRelease={[Function]}
  onResponderTerminate={[Function]}
  onResponderTerminationRequest={[Function]}
  onStartShouldSetResponder={[Function]}
  style={
    Object {
      "alignItems": "center",
      "backgroundColor": "rgba(255, 255, 255, 0.36)",
      "borderRadius": 10,
      "justifyContent": "center",
      "opacity": 1,
      "paddingVertical": 12,
    }
  }
/>
`;
