// Jest Snapshot v1, https://goo.gl/fbAQLP

exports[`renders correctly works 1`] = `
<View
  accessible={true}
  collapsable={false}
  focusable={true}
  onClick={[Function]}
  onResponderGrant={[Function]}
  onResponderMove={[Function]}
  onResponderRelease={[Function]}
  onResponderTerminate={[Function]}
  onResponderTerminationRequest={[Function]}
  onStartShouldSetResponder={[Function]}
  style={
    Object {
      "height": 25,
      "marginRight": 15,
      "opacity": 1,
      "width": 25,
    }
  }
>
  <SvgMock
    height={25}
    width={25}
  />
</View>
`;
